Archive member included to satisfy reference by file (symbol)

f:/stm32cube/stm32cubeide_1.0.2/stm32cubeide/plugins/com.st.stm32cube.ide.mcu.externaltools.gnu-tools-for-stm32.7-2018-q2-update.win32_1.0.0.201904181610/tools/bin/../lib/gcc/arm-none-eabi/7.3.1/../../../../arm-none-eabi/lib/thumb/v7-m\libc_nano.a(lib_a-errno.o)
                              Src/syscalls.o (__errno)
f:/stm32cube/stm32cubeide_1.0.2/stm32cubeide/plugins/com.st.stm32cube.ide.mcu.externaltools.gnu-tools-for-stm32.7-2018-q2-update.win32_1.0.0.201904181610/tools/bin/../lib/gcc/arm-none-eabi/7.3.1/../../../../arm-none-eabi/lib/thumb/v7-m\libc_nano.a(lib_a-exit.o)
                              f:/stm32cube/stm32cubeide_1.0.2/stm32cubeide/plugins/com.st.stm32cube.ide.mcu.externaltools.gnu-tools-for-stm32.7-2018-q2-update.win32_1.0.0.201904181610/tools/bin/../lib/gcc/arm-none-eabi/7.3.1/../../../../arm-none-eabi/lib/thumb/v7-m/crt0.o (exit)
f:/stm32cube/stm32cubeide_1.0.2/stm32cubeide/plugins/com.st.stm32cube.ide.mcu.externaltools.gnu-tools-for-stm32.7-2018-q2-update.win32_1.0.0.201904181610/tools/bin/../lib/gcc/arm-none-eabi/7.3.1/../../../../arm-none-eabi/lib/thumb/v7-m\libc_nano.a(lib_a-impure.o)
                              f:/stm32cube/stm32cubeide_1.0.2/stm32cubeide/plugins/com.st.stm32cube.ide.mcu.externaltools.gnu-tools-for-stm32.7-2018-q2-update.win32_1.0.0.201904181610/tools/bin/../lib/gcc/arm-none-eabi/7.3.1/../../../../arm-none-eabi/lib/thumb/v7-m\libc_nano.a(lib_a-exit.o) (_global_impure_ptr)
f:/stm32cube/stm32cubeide_1.0.2/stm32cubeide/plugins/com.st.stm32cube.ide.mcu.externaltools.gnu-tools-for-stm32.7-2018-q2-update.win32_1.0.0.201904181610/tools/bin/../lib/gcc/arm-none-eabi/7.3.1/../../../../arm-none-eabi/lib/thumb/v7-m\libc_nano.a(lib_a-init.o)
                              f:/stm32cube/stm32cubeide_1.0.2/stm32cubeide/plugins/com.st.stm32cube.ide.mcu.externaltools.gnu-tools-for-stm32.7-2018-q2-update.win32_1.0.0.201904181610/tools/bin/../lib/gcc/arm-none-eabi/7.3.1/../../../../arm-none-eabi/lib/thumb/v7-m/crt0.o (__libc_init_array)
f:/stm32cube/stm32cubeide_1.0.2/stm32cubeide/plugins/com.st.stm32cube.ide.mcu.externaltools.gnu-tools-for-stm32.7-2018-q2-update.win32_1.0.0.201904181610/tools/bin/../lib/gcc/arm-none-eabi/7.3.1/../../../../arm-none-eabi/lib/thumb/v7-m\libc_nano.a(lib_a-itoa.o)
                              Src/main.o (itoa)
f:/stm32cube/stm32cubeide_1.0.2/stm32cubeide/plugins/com.st.stm32cube.ide.mcu.externaltools.gnu-tools-for-stm32.7-2018-q2-update.win32_1.0.0.201904181610/tools/bin/../lib/gcc/arm-none-eabi/7.3.1/../../../../arm-none-eabi/lib/thumb/v7-m\libc_nano.a(lib_a-memset.o)
                              f:/stm32cube/stm32cubeide_1.0.2/stm32cubeide/plugins/com.st.stm32cube.ide.mcu.externaltools.gnu-tools-for-stm32.7-2018-q2-update.win32_1.0.0.201904181610/tools/bin/../lib/gcc/arm-none-eabi/7.3.1/../../../../arm-none-eabi/lib/thumb/v7-m/crt0.o (memset)
f:/stm32cube/stm32cubeide_1.0.2/stm32cubeide/plugins/com.st.stm32cube.ide.mcu.externaltools.gnu-tools-for-stm32.7-2018-q2-update.win32_1.0.0.201904181610/tools/bin/../lib/gcc/arm-none-eabi/7.3.1/../../../../arm-none-eabi/lib/thumb/v7-m\libc_nano.a(lib_a-rand.o)
                              Src/main.o (rand)
f:/stm32cube/stm32cubeide_1.0.2/stm32cubeide/plugins/com.st.stm32cube.ide.mcu.externaltools.gnu-tools-for-stm32.7-2018-q2-update.win32_1.0.0.201904181610/tools/bin/../lib/gcc/arm-none-eabi/7.3.1/../../../../arm-none-eabi/lib/thumb/v7-m\libc_nano.a(lib_a-utoa.o)
                              f:/stm32cube/stm32cubeide_1.0.2/stm32cubeide/plugins/com.st.stm32cube.ide.mcu.externaltools.gnu-tools-for-stm32.7-2018-q2-update.win32_1.0.0.201904181610/tools/bin/../lib/gcc/arm-none-eabi/7.3.1/../../../../arm-none-eabi/lib/thumb/v7-m\libc_nano.a(lib_a-itoa.o) (__utoa)
f:/stm32cube/stm32cubeide_1.0.2/stm32cubeide/plugins/com.st.stm32cube.ide.mcu.externaltools.gnu-tools-for-stm32.7-2018-q2-update.win32_1.0.0.201904181610/tools/bin/../lib/gcc/arm-none-eabi/7.3.1/../../../../arm-none-eabi/lib/thumb/v7-m\libc_nano.a(lib_a-malloc.o)
                              f:/stm32cube/stm32cubeide_1.0.2/stm32cubeide/plugins/com.st.stm32cube.ide.mcu.externaltools.gnu-tools-for-stm32.7-2018-q2-update.win32_1.0.0.201904181610/tools/bin/../lib/gcc/arm-none-eabi/7.3.1/../../../../arm-none-eabi/lib/thumb/v7-m\libc_nano.a(lib_a-rand.o) (malloc)
f:/stm32cube/stm32cubeide_1.0.2/stm32cubeide/plugins/com.st.stm32cube.ide.mcu.externaltools.gnu-tools-for-stm32.7-2018-q2-update.win32_1.0.0.201904181610/tools/bin/../lib/gcc/arm-none-eabi/7.3.1/../../../../arm-none-eabi/lib/thumb/v7-m\libc_nano.a(lib_a-nano-freer.o)
                              f:/stm32cube/stm32cubeide_1.0.2/stm32cubeide/plugins/com.st.stm32cube.ide.mcu.externaltools.gnu-tools-for-stm32.7-2018-q2-update.win32_1.0.0.201904181610/tools/bin/../lib/gcc/arm-none-eabi/7.3.1/../../../../arm-none-eabi/lib/thumb/v7-m\libc_nano.a(lib_a-malloc.o) (_free_r)
[...]
Memory Configuration

Name             Origin             Length             Attributes
RAM              0x0000000020000000 0x000000000000c000 xrw
FLASH            0x0000000008000000 0x0000000000040000 xr
*default*        0x0000000000000000 0xffffffffffffffff

Linker script and memory map

LOAD f:/stm32cube/stm32cubeide_1.0.2/stm32cubeide/plugins/com.st.stm32cube.ide.mcu.externaltools.gnu-tools-for-stm32.7-2018-q2-update.win32_1.0.0.201904181610/tools/bin/../lib/gcc/arm-none-eabi/7.3.1/thumb/v7-m/crti.o
LOAD f:/stm32cube/stm32cubeide_1.0.2/stm32cubeide/plugins/com.st.stm32cube.ide.mcu.externaltools.gnu-tools-for-stm32.7-2018-q2-update.win32_1.0.0.201904181610/tools/bin/../lib/gcc/arm-none-eabi/7.3.1/thumb/v7-m/crtbegin.o
LOAD f:/stm32cube/stm32cubeide_1.0.2/stm32cubeide/plugins/com.st.stm32cube.ide.mcu.externaltools.gnu-tools-for-stm32.7-2018-q2-update.win32_1.0.0.201904181610/tools/bin/../lib/gcc/arm-none-eabi/7.3.1/../../../../arm-none-eabi/lib/thumb/v7-m/crt0.o
LOAD Drivers/STM32F1xx_HAL_Driver/Src/stm32f1xx_hal.o
LOAD Drivers/STM32F1xx_HAL_Driver/Src/stm32f1xx_hal_cortex.o
LOAD Drivers/STM32F1xx_HAL_Driver/Src/stm32f1xx_hal_dma.o
LOAD Drivers/STM32F1xx_HAL_Driver/Src/stm32f1xx_hal_exti.o
LOAD Drivers/STM32F1xx_HAL_Driver/Src/stm32f1xx_hal_flash.o
LOAD Drivers/STM32F1xx_HAL_Driver/Src/stm32f1xx_hal_flash_ex.o
LOAD Drivers/STM32F1xx_HAL_Driver/Src/stm32f1xx_hal_gpio.o
LOAD Drivers/STM32F1xx_HAL_Driver/Src/stm32f1xx_hal_gpio_ex.o
LOAD Drivers/STM32F1xx_HAL_Driver/Src/stm32f1xx_hal_pwr.o
LOAD Drivers/STM32F1xx_HAL_Driver/Src/stm32f1xx_hal_rcc.o
LOAD Drivers/STM32F1xx_HAL_Driver/Src/stm32f1xx_hal_rcc_ex.o
LOAD Drivers/STM32F1xx_HAL_Driver/Src/stm32f1xx_hal_tim.o
LOAD Drivers/STM32F1xx_HAL_Driver/Src/stm32f1xx_hal_tim_ex.o
LOAD Src/gpio.o
LOAD Src/lcd.o
LOAD Src/main.o
LOAD Src/stm32f1xx_hal_msp.o
LOAD Src/stm32f1xx_it.o
LOAD Src/syscalls.o
LOAD Src/sysmem.o
LOAD Src/system_stm32f1xx.o
LOAD Startup/startup_stm32f103rctx.o
START GROUP
LOAD f:/stm32cube/stm32cubeide_1.0.2/stm32cubeide/plugins/com.st.stm32cube.ide.mcu.externaltools.gnu-tools-for-stm32.7-2018-q2-update.win32_1.0.0.201904181610/tools/bin/../lib/gcc/arm-none-eabi/7.3.1/../../../../arm-none-eabi/lib/thumb/v7-m\libc_nano.a
LOAD f:/stm32cube/stm32cubeide_1.0.2/stm32cubeide/plugins/com.st.stm32cube.ide.mcu.externaltools.gnu-tools-for-stm32.7-2018-q2-update.win32_1.0.0.201904181610/tools/bin/../lib/gcc/arm-none-eabi/7.3.1/../../../../arm-none-eabi/lib/thumb/v7-m\libm.a
END GROUP
START GROUP
LOAD f:/stm32cube/stm32cubeide_1.0.2/stm32cubeide/plugins/com.st.stm32cube.ide.mcu.externaltools.gnu-tools-for-stm32.7-2018-q2-update.win32_1.0.0.201904181610/tools/bin/../lib/gcc/arm-none-eabi/7.3.1/thumb/v7-m\libgcc.a
LOAD f:/stm32cube/stm32cubeide_1.0.2/stm32cubeide/plugins/com.st.stm32cube.ide.mcu.externaltools.gnu-tools-for-stm32.7-2018-q2-update.win32_1.0.0.201904181610/tools/bin/../lib/gcc/arm-none-eabi/7.3.1/../../../../arm-none-eabi/lib/thumb/v7-m\libc_nano.a
END GROUP
START GROUP
LOAD f:/stm32cube/stm32cubeide_1.0.2/stm32cubeide/plugins/com.st.stm32cube.ide.mcu.externaltools.gnu-tools-for-stm32.7-2018-q2-update.win32_1.0.0.201904181610/tools/bin/../lib/gcc/arm-none-eabi/7.3.1/thumb/v7-m\libgcc.a
LOAD f:/stm32cube/stm32cubeide_1.0.2/stm32cubeide/plugins/com.st.stm32cube.ide.mcu.externaltools.gnu-tools-for-stm32.7-2018-q2-update.win32_1.0.0.201904181610/tools/bin/../lib/gcc/arm-none-eabi/7.3.1/../../../../arm-none-eabi/lib/thumb/v7-m\libc_nano.a
LOAD f:/stm32cube/stm32cubeide_1.0.2/stm32cubeide/plugins/com.st.stm32cube.ide.mcu.externaltools.gnu-tools-for-stm32.7-2018-q2-update.win32_1.0.0.201904181610/tools/bin/../lib/gcc/arm-none-eabi/7.3.1/../../../../arm-none-eabi/lib/thumb/v7-m\libnosys.a
END GROUP
START GROUP
LOAD f:/stm32cube/stm32cubeide_1.0.2/stm32cubeide/plugins/com.st.stm32cube.ide.mcu.externaltools.gnu-tools-for-stm32.7-2018-q2-update.win32_1.0.0.201904181610/tools/bin/../lib/gcc/arm-none-eabi/7.3.1/thumb/v7-m\libgcc.a
LOAD f:/stm32cube/stm32cubeide_1.0.2/stm32cubeide/plugins/com.st.stm32cube.ide.mcu.externaltools.gnu-tools-for-stm32.7-2018-q2-update.win32_1.0.0.201904181610/tools/bin/../lib/gcc/arm-none-eabi/7.3.1/../../../../arm-none-eabi/lib/thumb/v7-m\libc_nano.a
LOAD f:/stm32cube/stm32cubeide_1.0.2/stm32cubeide/plugins/com.st.stm32cube.ide.mcu.externaltools.gnu-tools-for-stm32.7-2018-q2-update.win32_1.0.0.201904181610/tools/bin/../lib/gcc/arm-none-eabi/7.3.1/../../../../arm-none-eabi/lib/thumb/v7-m\libnosys.a
END GROUP
LOAD f:/stm32cube/stm32cubeide_1.0.2/stm32cubeide/plugins/com.st.stm32cube.ide.mcu.externaltools.gnu-tools-for-stm32.7-2018-q2-update.win32_1.0.0.201904181610/tools/bin/../lib/gcc/arm-none-eabi/7.3.1/thumb/v7-m/crtend.o
LOAD f:/stm32cube/stm32cubeide_1.0.2/stm32cubeide/plugins/com.st.stm32cube.ide.mcu.externaltools.gnu-tools-for-stm32.7-2018-q2-update.win32_1.0.0.201904181610/tools/bin/../lib/gcc/arm-none-eabi/7.3.1/thumb/v7-m/crtn.o
                0x000000002000c000                _estack = 0x2000c000
                0x0000000000000200                _Min_Heap_Size = 0x200
                0x0000000000000400                _Min_Stack_Size = 0x400

.isr_vector     0x0000000008000000      0x1e4
                0x0000000008000000                . = ALIGN (0x4)
 *(.isr_vector)
 .isr_vector    0x0000000008000000      0x1e4 Startup/startup_stm32f103rctx.o
                0x0000000008000000                g_pfnVectors
                0x00000000080001e4                . = ALIGN (0x4)

.text           0x00000000080001e8     0x8814
                0x00000000080001e8                . = ALIGN (0x4)
 *(.text)
 .text          0x00000000080001e8       0x40 f:/stm32cube/stm32cubeide_1.0.2/stm32cubeide/plugins/com.st.stm32cube.ide.mcu.externaltools.gnu-tools-for-stm32.7-2018-q2-update.win32_1.0.0.201904181610/tools/bin/../lib/gcc/arm-none-eabi/7.3.1/thumb/v7-m/crtbegin.o
 .text          0x0000000008000228      0x378 f:/stm32cube/stm32cubeide_1.0.2/stm32cubeide/plugins/com.st.stm32cube.ide.mcu.externaltools.gnu-tools-for-stm32.7-2018-q2-update.win32_1.0.0.201904181610/tools/bin/../lib/gcc/arm-none-eabi/7.3.1/thumb/v7-m\libgcc.a(_arm_addsubdf3.o)
                0x0000000008000228                __aeabi_drsub
                0x0000000008000230                __aeabi_dsub
                0x0000000008000230                __subdf3
                0x0000000008000234                __aeabi_dadd
                0x0000000008000234                __adddf3
                0x00000000080004ac                __floatunsidf
                0x00000000080004ac                __aeabi_ui2d
                0x00000000080004cc                __floatsidf
                0x00000000080004cc                __aeabi_i2d
                0x00000000080004f0                __aeabi_f2d
                0x00000000080004f0                __extendsfdf2
                0x0000000008000534                __floatundidf
                0x0000000008000534                __aeabi_ul2d
                0x0000000008000544                __floatdidf
                0x0000000008000544                __aeabi_l2d
 .text          0x00000000080005a0      0x424 f:/stm32cube/stm32cubeide_1.0.2/stm32cubeide/plugins/com.st.stm32cube.ide.mcu.externaltools.gnu-tools-for-stm32.7-2018-q2-update.win32_1.0.0.201904181610/tools/bin/../lib/gcc/arm-none-eabi/7.3.1/thumb/v7-m\libgcc.a(_arm_muldivdf3.o)
                0x00000000080005a0                __aeabi_dmul
                0x00000000080005a0                __muldf3
                0x00000000080007f4                __divdf3
                0x00000000080007f4                __aeabi_ddiv
 .text          0x00000000080009c4       0x40 f:/stm32cube/stm32cubeide_1.0.2/stm32cubeide/plugins/com.st.stm32cube.ide.mcu.externaltools.gnu-tools-for-stm32.7-2018-q2-update.win32_1.0.0.201904181610/tools/bin/../lib/gcc/arm-none-eabi/7.3.1/thumb/v7-m\libgcc.a(_arm_fixunsdfsi.o)
                0x00000000080009c4                __aeabi_d2uiz
                0x00000000080009c4                __fixunsdfsi
 *(.text*)
 .text.HAL_Init
                0x0000000008000a04       0x2c Drivers/STM32F1xx_HAL_Driver/Src/stm32f1xx_hal.o
                0x0000000008000a04                HAL_Init
 .text.HAL_InitTick
                0x0000000008000a30       0x60 Drivers/STM32F1xx_HAL_Driver/Src/stm32f1xx_hal.o
                0x0000000008000a30                HAL_InitTick
 .text.HAL_IncTick
                0x0000000008000a90       0x24 Drivers/STM32F1xx_HAL_Driver/Src/stm32f1xx_hal.o
                0x0000000008000a90                HAL_IncTick
 .text.HAL_GetTick
                0x0000000008000ab4       0x14 Drivers/STM32F1xx_HAL_Driver/Src/stm32f1xx_hal.o
                0x0000000008000ab4                HAL_GetTick
 .text.HAL_Delay
                0x0000000008000ac8       0x44 Drivers/STM32F1xx_HAL_Driver/Src/stm32f1xx_hal.o
                0x0000000008000ac8                HAL_Delay
 .text.__NVIC_SetPriorityGrouping
                0x0000000008000b0c       0x48 Drivers/STM32F1xx_HAL_Driver/Src/stm32f1xx_hal_cortex.o
 .text.__NVIC_GetPriorityGrouping
                0x0000000008000b54       0x1c Drivers/STM32F1xx_HAL_Driver/Src/stm32f1xx_hal_cortex.o
 .text.__NVIC_EnableIRQ
                0x0000000008000b70       0x38 Drivers/STM32F1xx_HAL_Driver/Src/stm32f1xx_hal_cortex.o
 .text.__NVIC_SetPriority
                0x0000000008000ba8       0x54 Drivers/STM32F1xx_HAL_Driver/Src/stm32f1xx_hal_cortex.o
 .text.NVIC_EncodePriority
                0x0000000008000bfc       0x64 Drivers/STM32F1xx_HAL_Driver/Src/stm32f1xx_hal_cortex.o
 .text.SysTick_Config
                0x0000000008000c60       0x44 Drivers/STM32F1xx_HAL_Driver/Src/stm32f1xx_hal_cortex.o
 .text.HAL_NVIC_SetPriorityGrouping
                0x0000000008000ca4       0x16 Drivers/STM32F1xx_HAL_Driver/Src/stm32f1xx_hal_cortex.o
                0x0000000008000ca4                HAL_NVIC_SetPriorityGrouping
 .text.HAL_NVIC_SetPriority
                0x0000000008000cba       0x38 Drivers/STM32F1xx_HAL_Driver/Src/stm32f1xx_hal_cortex.o
                0x0000000008000cba                HAL_NVIC_SetPriority
 .text.HAL_NVIC_EnableIRQ
                0x0000000008000cf2       0x1c Drivers/STM32F1xx_HAL_Driver/Src/stm32f1xx_hal_cortex.o
                0x0000000008000cf2                HAL_NVIC_EnableIRQ
 .text.HAL_SYSTICK_Config
                0x0000000008000d0e       0x18 Drivers/STM32F1xx_HAL_Driver/Src/stm32f1xx_hal_cortex.o
                0x0000000008000d0e                HAL_SYSTICK_Config
 *fill*         0x0000000008000d26        0x2 
 .text.HAL_GPIO_Init
                0x0000000008000d28      0x2d4 Drivers/STM32F1xx_HAL_Driver/Src/stm32f1xx_hal_gpio.o
                0x0000000008000d28                HAL_GPIO_Init
 .text.HAL_GPIO_ReadPin
                0x0000000008000ffc       0x2e Drivers/STM32F1xx_HAL_Driver/Src/stm32f1xx_hal_gpio.o
                0x0000000008000ffc                HAL_GPIO_ReadPin
 .text.HAL_GPIO_WritePin
                0x000000000800102a       0x30 Drivers/STM32F1xx_HAL_Driver/Src/stm32f1xx_hal_gpio.o
                0x000000000800102a                HAL_GPIO_WritePin
 .text.HAL_GPIO_TogglePin
                0x000000000800105a       0x30 Drivers/STM32F1xx_HAL_Driver/Src/stm32f1xx_hal_gpio.o
                0x000000000800105a                HAL_GPIO_TogglePin
 *fill*         0x000000000800108a        0x2 
 .text.HAL_GPIO_EXTI_IRQHandler
                0x000000000800108c       0x30 Drivers/STM32F1xx_HAL_Driver/Src/stm32f1xx_hal_gpio.o
                0x000000000800108c                HAL_GPIO_EXTI_IRQHandler
 .text.HAL_RCC_OscConfig
                0x00000000080010bc      0x500 Drivers/STM32F1xx_HAL_Driver/Src/stm32f1xx_hal_rcc.o
                0x00000000080010bc                HAL_RCC_OscConfig
 .text.HAL_RCC_ClockConfig
                0x00000000080015bc      0x1d4 Drivers/STM32F1xx_HAL_Driver/Src/stm32f1xx_hal_rcc.o
                0x00000000080015bc                HAL_RCC_ClockConfig
 .text.HAL_RCC_GetSysClockFreq
                0x0000000008001790       0xc4 Drivers/STM32F1xx_HAL_Driver/Src/stm32f1xx_hal_rcc.o
                0x0000000008001790                HAL_RCC_GetSysClockFreq
 .text.RCC_Delay
                0x0000000008001854       0x3c Drivers/STM32F1xx_HAL_Driver/Src/stm32f1xx_hal_rcc.o
 .text.MX_GPIO_Init
                0x0000000008001890      0x144 Src/gpio.o
                0x0000000008001890                MX_GPIO_Init
 .text.LCD_WR_REG
                0x00000000080019d4       0x48 Src/lcd.o
                0x00000000080019d4                LCD_WR_REG
 .text.LCD_WR_DATAX
                0x0000000008001a1c       0x48 Src/lcd.o
                0x0000000008001a1c                LCD_WR_DATAX
 .text.LCD_RD_DATA
                0x0000000008001a64       0x88 Src/lcd.o
                0x0000000008001a64                LCD_RD_DATA
 .text.LCD_WriteReg
                0x0000000008001aec       0x54 Src/lcd.o
                0x0000000008001aec                LCD_WriteReg
 .text.LCD_ReadReg
                0x0000000008001b40       0x20 Src/lcd.o
                0x0000000008001b40                LCD_ReadReg
 .text.LCD_WriteRAM_Prepare
                0x0000000008001b60       0x18 Src/lcd.o
                0x0000000008001b60                LCD_WriteRAM_Prepare
 .text.LCD_SetCursor
                0x0000000008001b78      0x598 Src/lcd.o
                0x0000000008001b78                LCD_SetCursor
 .text.LCD_Scan_Dir
                0x0000000008002110      0x624 Src/lcd.o
                0x0000000008002110                LCD_Scan_Dir
 .text.LCD_DrawPoint
                0x0000000008002734       0x60 Src/lcd.o
                0x0000000008002734                LCD_DrawPoint
 .text.LCD_Fast_DrawPoint
                0x0000000008002794      0x52c Src/lcd.o
                0x0000000008002794                LCD_Fast_DrawPoint
 .text.LCD_SSD_BackLightSet
                0x0000000008002cc0      0x148 Src/lcd.o
                0x0000000008002cc0                LCD_SSD_BackLightSet
 .text.LCD_Display_Dir
                0x0000000008002e08      0x218 Src/lcd.o
                0x0000000008002e08                LCD_Display_Dir
 .text.LCD_Init
                0x0000000008003020     0x3e5c Src/lcd.o
                0x0000000008003020                LCD_Init
 .text.LCD_Clear
                0x0000000008006e7c       0xc4 Src/lcd.o
                0x0000000008006e7c                LCD_Clear
 .text.LCD_Fill
                0x0000000008006f40      0x118 Src/lcd.o
                0x0000000008006f40                LCD_Fill
 .text.LCD_DrawLine
                0x0000000008007058      0x106 Src/lcd.o
                0x0000000008007058                LCD_DrawLine
 *fill*         0x000000000800715e        0x2 
 .text.LCD_ShowChar
                0x0000000008007160      0x15c Src/lcd.o
                0x0000000008007160                LCD_ShowChar
 .text.LCD_ShowString
                0x00000000080072bc       0x9c Src/lcd.o
                0x00000000080072bc                LCD_ShowString
 .text.main     0x0000000008007358       0x22 Src/main.o
                0x0000000008007358                main
 .text.SystemClock_Config
                0x000000000800737a       0x8a Src/main.o
                0x000000000800737a                SystemClock_Config
 .text.HAL_GPIO_EXTI_Callback
                0x0000000008007404      0x128 Src/main.o
                0x0000000008007404                HAL_GPIO_EXTI_Callback
 .text.init_eachround
                0x000000000800752c      0x210 Src/main.o
                0x000000000800752c                init_eachround
 .text.play     0x000000000800773c      0x150 Src/main.o
                0x000000000800773c                play
 .text.endpage  0x000000000800788c       0x88 Src/main.o
                0x000000000800788c                endpage
 .text.startpage
                0x0000000008007914       0x64 Src/main.o
                0x0000000008007914                startpage
 .text.updatebullets
                0x0000000008007978       0xc4 Src/main.o
                0x0000000008007978                updatebullets
 .text.updateenemybullets
                0x0000000008007a3c       0xcc Src/main.o
                0x0000000008007a3c                updateenemybullets
 .text.updateenemy
                0x0000000008007b08       0xc8 Src/main.o
                0x0000000008007b08                updateenemy
 .text.dieit    0x0000000008007bd0      0x2e0 Src/main.o
                0x0000000008007bd0                dieit
 .text.hitit    0x0000000008007eb0      0x198 Src/main.o
                0x0000000008007eb0                hitit
 .text.moveenemybullets
                0x0000000008008048       0x58 Src/main.o
                0x0000000008008048                moveenemybullets
 .text.movebullets
                0x00000000080080a0       0x58 Src/main.o
                0x00000000080080a0                movebullets
 .text.moveplanes
                0x00000000080080f8       0x58 Src/main.o
                0x00000000080080f8                moveplanes
 .text.paintbullet
                0x0000000008008150       0x4a Src/main.o
                0x0000000008008150                paintbullet
 .text.paintenemybullet
                0x000000000800819a       0x4a Src/main.o
                0x000000000800819a                paintenemybullet
 .text.paintplayer
                0x00000000080081e4      0x144 Src/main.o
                0x00000000080081e4                paintplayer
 .text.paintenemy
                0x0000000008008328       0xb4 Src/main.o
                0x0000000008008328                paintenemy
 .text.paintscore
                0x00000000080083dc       0x44 Src/main.o
                0x00000000080083dc                paintscore
 .text.paintall
                0x0000000008008420      0x160 Src/main.o
                0x0000000008008420                paintall
 .text.Error_Handler
                0x0000000008008580        0xc Src/main.o
                0x0000000008008580                Error_Handler
 .text.HAL_MspInit
                0x000000000800858c       0x68 Src/stm32f1xx_hal_msp.o
                0x000000000800858c                HAL_MspInit
 .text.NMI_Handler
                0x00000000080085f4        0xc Src/stm32f1xx_it.o
                0x00000000080085f4                NMI_Handler
 .text.HardFault_Handler
                0x0000000008008600        0x6 Src/stm32f1xx_it.o
                0x0000000008008600                HardFault_Handler
 .text.MemManage_Handler
                0x0000000008008606        0x6 Src/stm32f1xx_it.o
                0x0000000008008606                MemManage_Handler
 .text.BusFault_Handler
                0x000000000800860c        0x6 Src/stm32f1xx_it.o
                0x000000000800860c                BusFault_Handler
 .text.UsageFault_Handler
                0x0000000008008612        0x6 Src/stm32f1xx_it.o
                0x0000000008008612                UsageFault_Handler
 .text.SVC_Handler
                0x0000000008008618        0xc Src/stm32f1xx_it.o
                0x0000000008008618                SVC_Handler
 .text.DebugMon_Handler
                0x0000000008008624        0xc Src/stm32f1xx_it.o
                0x0000000008008624                DebugMon_Handler
 .text.PendSV_Handler
                0x0000000008008630        0xc Src/stm32f1xx_it.o
                0x0000000008008630                PendSV_Handler
 .text.SysTick_Handler
                0x000000000800863c        0xc Src/stm32f1xx_it.o
                0x000000000800863c                SysTick_Handler
 .text.EXTI0_IRQHandler
                0x0000000008008648        0xe Src/stm32f1xx_it.o
                0x0000000008008648                EXTI0_IRQHandler
 .text.EXTI9_5_IRQHandler
                0x0000000008008656        0xe Src/stm32f1xx_it.o
                0x0000000008008656                EXTI9_5_IRQHandler
 .text.EXTI15_10_IRQHandler
                0x0000000008008664       0x10 Src/stm32f1xx_it.o
                0x0000000008008664                EXTI15_10_IRQHandler
 .text._sbrk    0x0000000008008674       0x58 Src/sysmem.o
                0x0000000008008674                _sbrk
 .text.SystemInit
                0x00000000080086cc       0x68 Src/system_stm32f1xx.o
                0x00000000080086cc                SystemInit
 .text.Reset_Handler
                0x0000000008008734       0x48 Startup/startup_stm32f103rctx.o
                0x0000000008008734                Reset_Handler
 .text.Default_Handler
                0x000000000800877c        0x2 Startup/startup_stm32f103rctx.o
                0x000000000800877c                RTC_Alarm_IRQHandler
                0x000000000800877c                EXTI2_IRQHandler
                0x000000000800877c                TIM8_TRG_COM_IRQHandler
                0x000000000800877c                TIM8_CC_IRQHandler
                0x000000000800877c                TIM1_CC_IRQHandler
                0x000000000800877c                TIM6_IRQHandler
                0x000000000800877c                PVD_IRQHandler
                0x000000000800877c                SDIO_IRQHandler
                0x000000000800877c                EXTI3_IRQHandler
                0x000000000800877c                I2C2_EV_IRQHandler
                0x000000000800877c                ADC1_2_IRQHandler
                0x000000000800877c                SPI1_IRQHandler
                0x000000000800877c                TAMPER_IRQHandler
                0x000000000800877c                TIM8_UP_IRQHandler
                0x000000000800877c                DMA2_Channel2_IRQHandler
                0x000000000800877c                DMA1_Channel4_IRQHandler
                0x000000000800877c                USART3_IRQHandler
                0x000000000800877c                RTC_IRQHandler
                0x000000000800877c                DMA1_Channel7_IRQHandler
                0x000000000800877c                CAN1_RX1_IRQHandler
                0x000000000800877c                UART5_IRQHandler
                0x000000000800877c                ADC3_IRQHandler
                0x000000000800877c                TIM4_IRQHandler
                0x000000000800877c                DMA2_Channel1_IRQHandler
                0x000000000800877c                I2C1_EV_IRQHandler
                0x000000000800877c                DMA1_Channel6_IRQHandler
                0x000000000800877c                UART4_IRQHandler
                0x000000000800877c                TIM3_IRQHandler
                0x000000000800877c                RCC_IRQHandler
                0x000000000800877c                TIM1_TRG_COM_IRQHandler
                0x000000000800877c                DMA1_Channel1_IRQHandler
                0x000000000800877c                Default_Handler
                0x000000000800877c                TIM7_IRQHandler
                0x000000000800877c                TIM5_IRQHandler
                0x000000000800877c                SPI2_IRQHandler
                0x000000000800877c                DMA1_Channel5_IRQHandler
                0x000000000800877c                EXTI4_IRQHandler
                0x000000000800877c                USB_LP_CAN1_RX0_IRQHandler
                0x000000000800877c                USB_HP_CAN1_TX_IRQHandler
                0x000000000800877c                DMA1_Channel3_IRQHandler
                0x000000000800877c                FSMC_IRQHandler
                0x000000000800877c                TIM1_UP_IRQHandler
                0x000000000800877c                WWDG_IRQHandler
                0x000000000800877c                TIM2_IRQHandler
                0x000000000800877c                TIM1_BRK_IRQHandler
                0x000000000800877c                EXTI1_IRQHandler
                0x000000000800877c                DMA2_Channel4_5_IRQHandler
                0x000000000800877c                USART2_IRQHandler
                0x000000000800877c                I2C2_ER_IRQHandler
                0x000000000800877c                DMA1_Channel2_IRQHandler
                0x000000000800877c                TIM8_BRK_IRQHandler
                0x000000000800877c                CAN1_SCE_IRQHandler
                0x000000000800877c                FLASH_IRQHandler
                0x000000000800877c                USART1_IRQHandler
                0x000000000800877c                SPI3_IRQHandler
                0x000000000800877c                I2C1_ER_IRQHandler
                0x000000000800877c                USBWakeUp_IRQHandler
                0x000000000800877c                DMA2_Channel3_IRQHandler
 *fill*         0x000000000800877e        0x2 
 .text.__errno  0x0000000008008780        0xc f:/stm32cube/stm32cubeide_1.0.2/stm32cubeide/plugins/com.st.stm32cube.ide.mcu.externaltools.gnu-tools-for-stm32.7-2018-q2-update.win32_1.0.0.201904181610/tools/bin/../lib/gcc/arm-none-eabi/7.3.1/../../../../arm-none-eabi/lib/thumb/v7-m\libc_nano.a(lib_a-errno.o)
                0x0000000008008780                __errno
 .text.__libc_init_array
                0x000000000800878c       0x48 f:/stm32cube/stm32cubeide_1.0.2/stm32cubeide/plugins/com.st.stm32cube.ide.mcu.externaltools.gnu-tools-for-stm32.7-2018-q2-update.win32_1.0.0.201904181610/tools/bin/../lib/gcc/arm-none-eabi/7.3.1/../../../../arm-none-eabi/lib/thumb/v7-m\libc_nano.a(lib_a-init.o)
                0x000000000800878c                __libc_init_array
 .text.__itoa   0x00000000080087d4       0x30 f:/stm32cube/stm32cubeide_1.0.2/stm32cubeide/plugins/com.st.stm32cube.ide.mcu.externaltools.gnu-tools-for-stm32.7-2018-q2-update.win32_1.0.0.201904181610/tools/bin/../lib/gcc/arm-none-eabi/7.3.1/../../../../arm-none-eabi/lib/thumb/v7-m\libc_nano.a(lib_a-itoa.o)
                0x00000000080087d4                __itoa
 .text.itoa     0x0000000008008804        0x4 f:/stm32cube/stm32cubeide_1.0.2/stm32cubeide/plugins/com.st.stm32cube.ide.mcu.externaltools.gnu-tools-for-stm32.7-2018-q2-update.win32_1.0.0.201904181610/tools/bin/../lib/gcc/arm-none-eabi/7.3.1/../../../../arm-none-eabi/lib/thumb/v7-m\libc_nano.a(lib_a-itoa.o)
                0x0000000008008804                itoa
 .text.memset   0x0000000008008808       0x10 f:/stm32cube/stm32cubeide_1.0.2/stm32cubeide/plugins/com.st.stm32cube.ide.mcu.externaltools.gnu-tools-for-stm32.7-2018-q2-update.win32_1.0.0.201904181610/tools/bin/../lib/gcc/arm-none-eabi/7.3.1/../../../../arm-none-eabi/lib/thumb/v7-m\libc_nano.a(lib_a-memset.o)
                0x0000000008008808                memset
 .text.rand     0x0000000008008818       0x68 f:/stm32cube/stm32cubeide_1.0.2/stm32cubeide/plugins/com.st.stm32cube.ide.mcu.externaltools.gnu-tools-for-stm32.7-2018-q2-update.win32_1.0.0.201904181610/tools/bin/../lib/gcc/arm-none-eabi/7.3.1/../../../../arm-none-eabi/lib/thumb/v7-m\libc_nano.a(lib_a-rand.o)
                0x0000000008008818                rand
 .text.__utoa   0x0000000008008880       0x7c f:/stm32cube/stm32cubeide_1.0.2/stm32cubeide/plugins/com.st.stm32cube.ide.mcu.externaltools.gnu-tools-for-stm32.7-2018-q2-update.win32_1.0.0.201904181610/tools/bin/../lib/gcc/arm-none-eabi/7.3.1/../../../../arm-none-eabi/lib/thumb/v7-m\libc_nano.a(lib_a-utoa.o)
                0x0000000008008880                __utoa
 .text.malloc   0x00000000080088fc       0x10 f:/stm32cube/stm32cubeide_1.0.2/stm32cubeide/plugins/com.st.stm32cube.ide.mcu.externaltools.gnu-tools-for-stm32.7-2018-q2-update.win32_1.0.0.201904181610/tools/bin/../lib/gcc/arm-none-eabi/7.3.1/../../../../arm-none-eabi/lib/thumb/v7-m\libc_nano.a(lib_a-malloc.o)
                0x00000000080088fc                malloc
 .text._malloc_r
                0x000000000800890c       0xb4 f:/stm32cube/stm32cubeide_1.0.2/stm32cubeide/plugins/com.st.stm32cube.ide.mcu.externaltools.gnu-tools-for-stm32.7-2018-q2-update.win32_1.0.0.201904181610/tools/bin/../lib/gcc/arm-none-eabi/7.3.1/../../../../arm-none-eabi/lib/thumb/v7-m\libc_nano.a(lib_a-nano-mallocr.o)
                0x000000000800890c                _malloc_r
 .text._sbrk_r  0x00000000080089c0       0x20 f:/stm32cube/stm32cubeide_1.0.2/stm32cubeide/plugins/com.st.stm32cube.ide.mcu.externaltools.gnu-tools-for-stm32.7-2018-q2-update.win32_1.0.0.201904181610/tools/bin/../lib/gcc/arm-none-eabi/7.3.1/../../../../arm-none-eabi/lib/thumb/v7-m\libc_nano.a(lib_a-sbrkr.o)
                0x00000000080089c0                _sbrk_r
 .text.__malloc_lock
                0x00000000080089e0        0x2 f:/stm32cube/stm32cubeide_1.0.2/stm32cubeide/plugins/com.st.stm32cube.ide.mcu.externaltools.gnu-tools-for-stm32.7-2018-q2-update.win32_1.0.0.201904181610/tools/bin/../lib/gcc/arm-none-eabi/7.3.1/../../../../arm-none-eabi/lib/thumb/v7-m\libc_nano.a(lib_a-mlock.o)
                0x00000000080089e0                __malloc_lock
 .text.__malloc_unlock
                0x00000000080089e2        0x2 f:/stm32cube/stm32cubeide_1.0.2/stm32cubeide/plugins/com.st.stm32cube.ide.mcu.externaltools.gnu-tools-for-stm32.7-2018-q2-update.win32_1.0.0.201904181610/tools/bin/../lib/gcc/arm-none-eabi/7.3.1/../../../../arm-none-eabi/lib/thumb/v7-m\libc_nano.a(lib_a-mlock.o)
                0x00000000080089e2                __malloc_unlock
 *(.glue_7)
 .glue_7        0x00000000080089e4        0x0 linker stubs
 *(.glue_7t)
 .glue_7t       0x00000000080089e4        0x0 linker stubs
 *(.eh_frame)
 .eh_frame      0x00000000080089e4        0x0 f:/stm32cube/stm32cubeide_1.0.2/stm32cubeide/plugins/com.st.stm32cube.ide.mcu.externaltools.gnu-tools-for-stm32.7-2018-q2-update.win32_1.0.0.201904181610/tools/bin/../lib/gcc/arm-none-eabi/7.3.1/thumb/v7-m/crtbegin.o
 *(.init)
 .init          0x00000000080089e4        0x4 f:/stm32cube/stm32cubeide_1.0.2/stm32cubeide/plugins/com.st.stm32cube.ide.mcu.externaltools.gnu-tools-for-stm32.7-2018-q2-update.win32_1.0.0.201904181610/tools/bin/../lib/gcc/arm-none-eabi/7.3.1/thumb/v7-m/crti.o
                0x00000000080089e4                _init
 .init          0x00000000080089e8        0x8 f:/stm32cube/stm32cubeide_1.0.2/stm32cubeide/plugins/com.st.stm32cube.ide.mcu.externaltools.gnu-tools-for-stm32.7-2018-q2-update.win32_1.0.0.201904181610/tools/bin/../lib/gcc/arm-none-eabi/7.3.1/thumb/v7-m/crtn.o
 *(.fini)
 .fini          0x00000000080089f0        0x4 f:/stm32cube/stm32cubeide_1.0.2/stm32cubeide/plugins/com.st.stm32cube.ide.mcu.externaltools.gnu-tools-for-stm32.7-2018-q2-update.win32_1.0.0.201904181610/tools/bin/../lib/gcc/arm-none-eabi/7.3.1/thumb/v7-m/crti.o
                0x00000000080089f0                _fini
 .fini          0x00000000080089f4        0x8 f:/stm32cube/stm32cubeide_1.0.2/stm32cubeide/plugins/com.st.stm32cube.ide.mcu.externaltools.gnu-tools-for-stm32.7-2018-q2-update.win32_1.0.0.201904181610/tools/bin/../lib/gcc/arm-none-eabi/7.3.1/thumb/v7-m/crtn.o
                0x00000000080089fc                . = ALIGN (0x4)
                0x00000000080089fc                _etext = .

.vfp11_veneer   0x00000000080089fc        0x0
 .vfp11_veneer  0x00000000080089fc        0x0 linker stubs

.v4_bx          0x00000000080089fc        0x0
 .v4_bx         0x00000000080089fc        0x0 linker stubs

.iplt           0x00000000080089fc        0x0
 .iplt          0x00000000080089fc        0x0 f:/stm32cube/stm32cubeide_1.0.2/stm32cubeide/plugins/com.st.stm32cube.ide.mcu.externaltools.gnu-tools-for-stm32.7-2018-q2-update.win32_1.0.0.201904181610/tools/bin/../lib/gcc/arm-none-eabi/7.3.1/thumb/v7-m/crtbegin.o

.rodata         0x00000000080089fc     0x186c
                0x00000000080089fc                . = ALIGN (0x4)
 *(.rodata)
 .rodata        0x00000000080089fc       0x12 Drivers/STM32F1xx_HAL_Driver/Src/stm32f1xx_hal_rcc.o
 *fill*         0x0000000008008a0e        0x2 
 .rodata        0x0000000008008a10       0x60 Src/main.o
 *(.rodata*)
 .rodata.asc2_1206
                0x0000000008008a70      0x474 Src/lcd.o
                0x0000000008008a70                asc2_1206
 .rodata.asc2_1608
                0x0000000008008ee4      0x5f0 Src/lcd.o
                0x0000000008008ee4                asc2_1608
 .rodata.asc2_2412
                0x00000000080094d4      0xd5c Src/lcd.o
                0x00000000080094d4                asc2_2412
 .rodata.AHBPrescTable
                0x000000000800a230       0x10 Src/system_stm32f1xx.o
                0x000000000800a230                AHBPrescTable
 .rodata.__utoa.str1.1
                0x000000000800a240       0x25 f:/stm32cube/stm32cubeide_1.0.2/stm32cubeide/plugins/com.st.stm32cube.ide.mcu.externaltools.gnu-tools-for-stm32.7-2018-q2-update.win32_1.0.0.201904181610/tools/bin/../lib/gcc/arm-none-eabi/7.3.1/../../../../arm-none-eabi/lib/thumb/v7-m\libc_nano.a(lib_a-utoa.o)
                0x000000000800a268                . = ALIGN (0x4)
 *fill*         0x000000000800a265        0x3 

.rel.dyn        0x000000000800a268        0x0
 .rel.iplt      0x000000000800a268        0x0 f:/stm32cube/stm32cubeide_1.0.2/stm32cubeide/plugins/com.st.stm32cube.ide.mcu.externaltools.gnu-tools-for-stm32.7-2018-q2-update.win32_1.0.0.201904181610/tools/bin/../lib/gcc/arm-none-eabi/7.3.1/thumb/v7-m/crtbegin.o

.ARM.extab      0x000000000800a268        0x0
                0x000000000800a268                . = ALIGN (0x4)
 *(.ARM.extab* .gnu.linkonce.armextab.*)
                0x000000000800a268                . = ALIGN (0x4)

.ARM            0x000000000800a268        0x0
                0x000000000800a268                . = ALIGN (0x4)
                0x000000000800a268                __exidx_start = .
 *(.ARM.exidx*)
                0x000000000800a268                __exidx_end = .
                0x000000000800a268                . = ALIGN (0x4)

.preinit_array  0x000000000800a268        0x0
                0x000000000800a268                . = ALIGN (0x4)
                0x000000000800a268                PROVIDE (__preinit_array_start = .)
 *(.preinit_array*)
                0x000000000800a268                PROVIDE (__preinit_array_end = .)
                0x000000000800a268                . = ALIGN (0x4)

.init_array     0x000000000800a268        0x4
                0x000000000800a268                . = ALIGN (0x4)
                0x000000000800a268                PROVIDE (__init_array_start = .)
 *(SORT_BY_NAME(.init_array.*))
 *(.init_array*)
 .init_array    0x000000000800a268        0x4 f:/stm32cube/stm32cubeide_1.0.2/stm32cubeide/plugins/com.st.stm32cube.ide.mcu.externaltools.gnu-tools-for-stm32.7-2018-q2-update.win32_1.0.0.201904181610/tools/bin/../lib/gcc/arm-none-eabi/7.3.1/thumb/v7-m/crtbegin.o
                0x000000000800a26c                PROVIDE (__init_array_end = .)
                0x000000000800a26c                . = ALIGN (0x4)

.fini_array     0x000000000800a26c        0x4
                0x000000000800a26c                . = ALIGN (0x4)
                [!provide]                        PROVIDE (__fini_array_start = .)
 *(SORT_BY_NAME(.fini_array.*))
 *(.fini_array*)
 .fini_array    0x000000000800a26c        0x4 f:/stm32cube/stm32cubeide_1.0.2/stm32cubeide/plugins/com.st.stm32cube.ide.mcu.externaltools.gnu-tools-for-stm32.7-2018-q2-update.win32_1.0.0.201904181610/tools/bin/../lib/gcc/arm-none-eabi/7.3.1/thumb/v7-m/crtbegin.o
                [!provide]                        PROVIDE (__fini_array_end = .)
                0x000000000800a270                . = ALIGN (0x4)
                0x000000000800a270                _sidata = LOADADDR (.data)

.data           0x0000000020000000       0x70 load address 0x000000000800a270
                0x0000000020000000                . = ALIGN (0x4)
                0x0000000020000000                _sdata = .
 *(.data)
 *(.data*)
 .data.uwTickPrio
                0x0000000020000000        0x4 Drivers/STM32F1xx_HAL_Driver/Src/stm32f1xx_hal.o
                0x0000000020000000                uwTickPrio
 .data.uwTickFreq
                0x0000000020000004        0x1 Drivers/STM32F1xx_HAL_Driver/Src/stm32f1xx_hal.o
                0x0000000020000004                uwTickFreq
 *fill*         0x0000000020000005        0x1 
 .data.BACK_COLOR
                0x0000000020000006        0x2 Src/lcd.o
                0x0000000020000006                BACK_COLOR
 .data.SystemCoreClock
                0x0000000020000008        0x4 Src/system_stm32f1xx.o
                0x0000000020000008                SystemCoreClock
 .data._impure_ptr
                0x000000002000000c        0x4 f:/stm32cube/stm32cubeide_1.0.2/stm32cubeide/plugins/com.st.stm32cube.ide.mcu.externaltools.gnu-tools-for-stm32.7-2018-q2-update.win32_1.0.0.201904181610/tools/bin/../lib/gcc/arm-none-eabi/7.3.1/../../../../arm-none-eabi/lib/thumb/v7-m\libc_nano.a(lib_a-impure.o)
                0x000000002000000c                _impure_ptr
 .data.impure_data
                0x0000000020000010       0x60 f:/stm32cube/stm32cubeide_1.0.2/stm32cubeide/plugins/com.st.stm32cube.ide.mcu.externaltools.gnu-tools-for-stm32.7-2018-q2-update.win32_1.0.0.201904181610/tools/bin/../lib/gcc/arm-none-eabi/7.3.1/../../../../arm-none-eabi/lib/thumb/v7-m\libc_nano.a(lib_a-impure.o)
                0x0000000020000070                . = ALIGN (0x4)
                0x0000000020000070                _edata = .

.igot.plt       0x0000000020000070        0x0 load address 0x000000000800a2e0
 .igot.plt      0x0000000020000070        0x0 f:/stm32cube/stm32cubeide_1.0.2/stm32cubeide/plugins/com.st.stm32cube.ide.mcu.externaltools.gnu-tools-for-stm32.7-2018-q2-update.win32_1.0.0.201904181610/tools/bin/../lib/gcc/arm-none-eabi/7.3.1/thumb/v7-m/crtbegin.o
                0x0000000020000070                . = ALIGN (0x4)

.bss            0x0000000020000070      0x158 load address 0x000000000800a2e0
                0x0000000020000070                _sbss = .
                0x0000000020000070                __bss_start__ = _sbss
 *(.bss)
 .bss           0x0000000020000070       0x1c f:/stm32cube/stm32cubeide_1.0.2/stm32cubeide/plugins/com.st.stm32cube.ide.mcu.externaltools.gnu-tools-for-stm32.7-2018-q2-update.win32_1.0.0.201904181610/tools/bin/../lib/gcc/arm-none-eabi/7.3.1/thumb/v7-m/crtbegin.o
 *(.bss*)
 .bss.POINT_COLOR
                0x000000002000008c        0x2 Src/lcd.o
                0x000000002000008c                POINT_COLOR
 *fill*         0x000000002000008e        0x2 
 .bss.kz        0x0000000020000090        0x4 Src/main.o
                0x0000000020000090                kz
 .bss.score     0x0000000020000094        0x4 Src/main.o
                0x0000000020000094                score
 .bss.cond      0x0000000020000098        0x4 Src/main.o
                0x0000000020000098                cond
 .bss.life      0x000000002000009c        0x4 Src/main.o
                0x000000002000009c                life
 .bss.roundit   0x00000000200000a0        0x4 Src/main.o
                0x00000000200000a0                roundit
 .bss.enemynum  0x00000000200000a4        0x4 Src/main.o
                0x00000000200000a4                enemynum
 .bss.speed     0x00000000200000a8        0x4 Src/main.o
                0x00000000200000a8                speed
 .bss.heap_end.5149
                0x00000000200000ac        0x4 Src/sysmem.o
 .bss.__malloc_free_list
                0x00000000200000b0        0x4 f:/stm32cube/stm32cubeide_1.0.2/stm32cubeide/plugins/com.st.stm32cube.ide.mcu.externaltools.gnu-tools-for-stm32.7-2018-q2-update.win32_1.0.0.201904181610/tools/bin/../lib/gcc/arm-none-eabi/7.3.1/../../../../arm-none-eabi/lib/thumb/v7-m\libc_nano.a(lib_a-nano-mallocr.o)
                0x00000000200000b0                __malloc_free_list
 .bss.__malloc_sbrk_start
                0x00000000200000b4        0x4 f:/stm32cube/stm32cubeide_1.0.2/stm32cubeide/plugins/com.st.stm32cube.ide.mcu.externaltools.gnu-tools-for-stm32.7-2018-q2-update.win32_1.0.0.201904181610/tools/bin/../lib/gcc/arm-none-eabi/7.3.1/../../../../arm-none-eabi/lib/thumb/v7-m\libc_nano.a(lib_a-nano-mallocr.o)
                0x00000000200000b4                __malloc_sbrk_start
 *(COMMON)
 COMMON         0x00000000200000b8        0x4 Drivers/STM32F1xx_HAL_Driver/Src/stm32f1xx_hal.o
                0x00000000200000b8                uwTick
 COMMON         0x00000000200000bc        0xe Src/lcd.o
                0x00000000200000bc                lcddev
 *fill*         0x00000000200000ca        0x2 
 COMMON         0x00000000200000cc       0xf8 Src/main.o
                0x00000000200000cc                enemybullet
                0x000000002000011c                bullet
                0x000000002000016c                player
                0x0000000020000174                enemy
 COMMON         0x00000000200001c4        0x4 f:/stm32cube/stm32cubeide_1.0.2/stm32cubeide/plugins/com.st.stm32cube.ide.mcu.externaltools.gnu-tools-for-stm32.7-2018-q2-update.win32_1.0.0.201904181610/tools/bin/../lib/gcc/arm-none-eabi/7.3.1/../../../../arm-none-eabi/lib/thumb/v7-m\libc_nano.a(lib_a-reent.o)
                0x00000000200001c4                errno
                0x00000000200001c8                . = ALIGN (0x4)
                0x00000000200001c8                _ebss = .
                0x00000000200001c8                __bss_end__ = _ebss

._user_heap_stack
                0x00000000200001c8      0x600 load address 0x000000000800a2e0
                0x00000000200001c8                . = ALIGN (0x8)
                0x00000000200001c8                PROVIDE (end = .)
                [!provide]                        PROVIDE (_end = .)
                0x00000000200003c8                . = (. + _Min_Heap_Size)
 *fill*         0x00000000200001c8      0x200 
                0x00000000200007c8                . = (. + _Min_Stack_Size)
 *fill*         0x00000000200003c8      0x400 
                0x00000000200007c8                . = ALIGN (0x8)

/DISCARD/
 libc.a(*)
 libm.a(*)
 libgcc.a(*)

.ARM.attributes
                0x0000000000000000       0x29
 *(.ARM.attributes)
 .ARM.attributes
                0x0000000000000000       0x1d f:/stm32cube/stm32cubeide_1.0.2/stm32cubeide/plugins/com.st.stm32cube.ide.mcu.externaltools.gnu-tools-for-stm32.7-2018-q2-update.win32_1.0.0.201904181610/tools/bin/../lib/gcc/arm-none-eabi/7.3.1/thumb/v7-m/crti.o
 .ARM.attributes
                0x000000000000001d       0x2d f:/stm32cube/stm32cubeide_1.0.2/stm32cubeide/plugins/com.st.stm32cube.ide.mcu.externaltools.gnu-tools-for-stm32.7-2018-q2-update.win32_1.0.0.201904181610/tools/bin/../lib/gcc/arm-none-eabi/7.3.1/thumb/v7-m/crtbegin.o
 .ARM.attributes
                0x000000000000004a       0x33 Drivers/STM32F1xx_HAL_Driver/Src/stm32f1xx_hal.o
 .ARM.attributes
                0x000000000000007d       0x33 Drivers/STM32F1xx_HAL_Driver/Src/stm32f1xx_hal_cortex.o
 .ARM.attributes
                0x00000000000000b0       0x33 Drivers/STM32F1xx_HAL_Driver/Src/stm32f1xx_hal_gpio.o
 .ARM.attributes
                0x00000000000000e3       0x33 Drivers/STM32F1xx_HAL_Driver/Src/stm32f1xx_hal_rcc.o
 .ARM.attributes
                0x0000000000000116       0x33 Src/gpio.o
 .ARM.attributes
                0x0000000000000149       0x33 Src/lcd.o
 .ARM.attributes
                0x000000000000017c       0x33 Src/main.o
 .ARM.attributes
                0x00000000000001af       0x33 Src/stm32f1xx_hal_msp.o
 .ARM.attributes
                0x00000000000001e2       0x33 Src/stm32f1xx_it.o
 .ARM.attributes
                0x0000000000000215       0x33 Src/sysmem.o
 .ARM.attributes
                0x0000000000000248       0x33 Src/system_stm32f1xx.o
 .ARM.attributes
                0x000000000000027b       0x21 Startup/startup_stm32f103rctx.o
 .ARM.attributes
                0x000000000000029c       0x2d f:/stm32cube/stm32cubeide_1.0.2/stm32cubeide/plugins/com.st.stm32cube.ide.mcu.externaltools.gnu-tools-for-stm32.7-2018-q2-update.win32_1.0.0.201904181610/tools/bin/../lib/gcc/arm-none-eabi/7.3.1/../../../../arm-none-eabi/lib/thumb/v7-m\libc_nano.a(lib_a-errno.o)
 .ARM.attributes
                0x00000000000002c9       0x2d f:/stm32cube/stm32cubeide_1.0.2/stm32cubeide/plugins/com.st.stm32cube.ide.mcu.externaltools.gnu-tools-for-stm32.7-2018-q2-update.win32_1.0.0.201904181610/tools/bin/../lib/gcc/arm-none-eabi/7.3.1/../../../../arm-none-eabi/lib/thumb/v7-m\libc_nano.a(lib_a-impure.o)
 .ARM.attributes
                0x00000000000002f6       0x2d f:/stm32cube/stm32cubeide_1.0.2/stm32cubeide/plugins/com.st.stm32cube.ide.mcu.externaltools.gnu-tools-for-stm32.7-2018-q2-update.win32_1.0.0.201904181610/tools/bin/../lib/gcc/arm-none-eabi/7.3.1/../../../../arm-none-eabi/lib/thumb/v7-m\libc_nano.a(lib_a-init.o)
 .ARM.attributes
                0x0000000000000323       0x2d f:/stm32cube/stm32cubeide_1.0.2/stm32cubeide/plugins/com.st.stm32cube.ide.mcu.externaltools.gnu-tools-for-stm32.7-2018-q2-update.win32_1.0.0.201904181610/tools/bin/../lib/gcc/arm-none-eabi/7.3.1/../../../../arm-none-eabi/lib/thumb/v7-m\libc_nano.a(lib_a-itoa.o)
 .ARM.attributes
                0x0000000000000350       0x2d f:/stm32cube/stm32cubeide_1.0.2/stm32cubeide/plugins/com.st.stm32cube.ide.mcu.externaltools.gnu-tools-for-stm32.7-2018-q2-update.win32_1.0.0.201904181610/tools/bin/../lib/gcc/arm-none-eabi/7.3.1/../../../../arm-none-eabi/lib/thumb/v7-m\libc_nano.a(lib_a-memset.o)
 .ARM.attributes
                0x000000000000037d       0x2d f:/stm32cube/stm32cubeide_1.0.2/stm32cubeide/plugins/com.st.stm32cube.ide.mcu.externaltools.gnu-tools-for-stm32.7-2018-q2-update.win32_1.0.0.201904181610/tools/bin/../lib/gcc/arm-none-eabi/7.3.1/../../../../arm-none-eabi/lib/thumb/v7-m\libc_nano.a(lib_a-rand.o)
 .ARM.attributes
                0x00000000000003aa       0x2d f:/stm32cube/stm32cubeide_1.0.2/stm32cubeide/plugins/com.st.stm32cube.ide.mcu.externaltools.gnu-tools-for-stm32.7-2018-q2-update.win32_1.0.0.201904181610/tools/bin/../lib/gcc/arm-none-eabi/7.3.1/../../../../arm-none-eabi/lib/thumb/v7-m\libc_nano.a(lib_a-utoa.o)
 .ARM.attributes
                0x00000000000003d7       0x2d f:/stm32cube/stm32cubeide_1.0.2/stm32cubeide/plugins/com.st.stm32cube.ide.mcu.externaltools.gnu-tools-for-stm32.7-2018-q2-update.win32_1.0.0.201904181610/tools/bin/../lib/gcc/arm-none-eabi/7.3.1/../../../../arm-none-eabi/lib/thumb/v7-m\libc_nano.a(lib_a-malloc.o)
 .ARM.attributes
                0x0000000000000404       0x2d f:/stm32cube/stm32cubeide_1.0.2/stm32cubeide/plugins/com.st.stm32cube.ide.mcu.externaltools.gnu-tools-for-stm32.7-2018-q2-update.win32_1.0.0.201904181610/tools/bin/../lib/gcc/arm-none-eabi/7.3.1/../../../../arm-none-eabi/lib/thumb/v7-m\libc_nano.a(lib_a-nano-mallocr.o)
 .ARM.attributes
                0x0000000000000431       0x2d f:/stm32cube/stm32cubeide_1.0.2/stm32cubeide/plugins/com.st.stm32cube.ide.mcu.externaltools.gnu-tools-for-stm32.7-2018-q2-update.win32_1.0.0.201904181610/tools/bin/../lib/gcc/arm-none-eabi/7.3.1/../../../../arm-none-eabi/lib/thumb/v7-m\libc_nano.a(lib_a-sbrkr.o)
 .ARM.attributes
                0x000000000000045e       0x2d f:/stm32cube/stm32cubeide_1.0.2/stm32cubeide/plugins/com.st.stm32cube.ide.mcu.externaltools.gnu-tools-for-stm32.7-2018-q2-update.win32_1.0.0.201904181610/tools/bin/../lib/gcc/arm-none-eabi/7.3.1/../../../../arm-none-eabi/lib/thumb/v7-m\libc_nano.a(lib_a-mlock.o)
 .ARM.attributes
                0x000000000000048b       0x2d f:/stm32cube/stm32cubeide_1.0.2/stm32cubeide/plugins/com.st.stm32cube.ide.mcu.externaltools.gnu-tools-for-stm32.7-2018-q2-update.win32_1.0.0.201904181610/tools/bin/../lib/gcc/arm-none-eabi/7.3.1/../../../../arm-none-eabi/lib/thumb/v7-m\libc_nano.a(lib_a-reent.o)
 .ARM.attributes
                0x00000000000004b8       0x1d f:/stm32cube/stm32cubeide_1.0.2/stm32cubeide/plugins/com.st.stm32cube.ide.mcu.externaltools.gnu-tools-for-stm32.7-2018-q2-update.win32_1.0.0.201904181610/tools/bin/../lib/gcc/arm-none-eabi/7.3.1/thumb/v7-m\libgcc.a(_arm_addsubdf3.o)
 .ARM.attributes
                0x00000000000004d5       0x1d f:/stm32cube/stm32cubeide_1.0.2/stm32cubeide/plugins/com.st.stm32cube.ide.mcu.externaltools.gnu-tools-for-stm32.7-2018-q2-update.win32_1.0.0.201904181610/tools/bin/../lib/gcc/arm-none-eabi/7.3.1/thumb/v7-m\libgcc.a(_arm_muldivdf3.o)
 .ARM.attributes
                0x00000000000004f2       0x1d f:/stm32cube/stm32cubeide_1.0.2/stm32cubeide/plugins/com.st.stm32cube.ide.mcu.externaltools.gnu-tools-for-stm32.7-2018-q2-update.win32_1.0.0.201904181610/tools/bin/../lib/gcc/arm-none-eabi/7.3.1/thumb/v7-m\libgcc.a(_arm_fixunsdfsi.o)
 .ARM.attributes
                0x000000000000050f       0x1d f:/stm32cube/stm32cubeide_1.0.2/stm32cubeide/plugins/com.st.stm32cube.ide.mcu.externaltools.gnu-tools-for-stm32.7-2018-q2-update.win32_1.0.0.201904181610/tools/bin/../lib/gcc/arm-none-eabi/7.3.1/thumb/v7-m/crtn.o
OUTPUT(testproj.elf elf32-littlearm)

.debug_info     0x0000000000000000     0x615c
 .debug_info    0x0000000000000000      0x764 Drivers/STM32F1xx_HAL_Driver/Src/stm32f1xx_hal.o
 .debug_info    0x0000000000000764      0xbac Drivers/STM32F1xx_HAL_Driver/Src/stm32f1xx_hal_cortex.o
 .debug_info    0x0000000000001310      0x681 Drivers/STM32F1xx_HAL_Driver/Src/stm32f1xx_hal_gpio.o
 .debug_info    0x0000000000001991      0x804 Drivers/STM32F1xx_HAL_Driver/Src/stm32f1xx_hal_rcc.o
 .debug_info    0x0000000000002195      0x4fe Src/gpio.o
 .debug_info    0x0000000000002693     0x164e Src/lcd.o
 .debug_info    0x0000000000003ce1     0x11fc Src/main.o
 .debug_info    0x0000000000004edd      0x2cb Src/stm32f1xx_hal_msp.o
 .debug_info    0x00000000000051a8      0x243 Src/stm32f1xx_it.o
 .debug_info    0x00000000000053eb      0x91c Src/sysmem.o
 .debug_info    0x0000000000005d07      0x433 Src/system_stm32f1xx.o
 .debug_info    0x000000000000613a       0x22 Startup/startup_stm32f103rctx.o

.debug_abbrev   0x0000000000000000     0x14aa
 .debug_abbrev  0x0000000000000000      0x1d8 Drivers/STM32F1xx_HAL_Driver/Src/stm32f1xx_hal.o
 .debug_abbrev  0x00000000000001d8      0x2d5 Drivers/STM32F1xx_HAL_Driver/Src/stm32f1xx_hal_cortex.o
 .debug_abbrev  0x00000000000004ad      0x1c0 Drivers/STM32F1xx_HAL_Driver/Src/stm32f1xx_hal_gpio.o
 .debug_abbrev  0x000000000000066d      0x243 Drivers/STM32F1xx_HAL_Driver/Src/stm32f1xx_hal_rcc.o
 .debug_abbrev  0x00000000000008b0      0x13d Src/gpio.o
 .debug_abbrev  0x00000000000009ed      0x30f Src/lcd.o
 .debug_abbrev  0x0000000000000cfc      0x2de Src/main.o
 .debug_abbrev  0x0000000000000fda      0x109 Src/stm32f1xx_hal_msp.o
 .debug_abbrev  0x00000000000010e3       0xc6 Src/stm32f1xx_it.o
 .debug_abbrev  0x00000000000011a9      0x1bb Src/sysmem.o
 .debug_abbrev  0x0000000000001364      0x134 Src/system_stm32f1xx.o
 .debug_abbrev  0x0000000000001498       0x12 Startup/startup_stm32f103rctx.o

.debug_aranges  0x0000000000000000      0x5d0
 .debug_aranges
                0x0000000000000000       0xe0 Drivers/STM32F1xx_HAL_Driver/Src/stm32f1xx_hal.o
 .debug_aranges
                0x00000000000000e0      0x100 Drivers/STM32F1xx_HAL_Driver/Src/stm32f1xx_hal_cortex.o
 .debug_aranges
                0x00000000000001e0       0x58 Drivers/STM32F1xx_HAL_Driver/Src/stm32f1xx_hal_gpio.o
 .debug_aranges
                0x0000000000000238       0x90 Drivers/STM32F1xx_HAL_Driver/Src/stm32f1xx_hal_rcc.o
 .debug_aranges
                0x00000000000002c8       0x20 Src/gpio.o
 .debug_aranges
                0x00000000000002e8      0x118 Src/lcd.o
 .debug_aranges
                0x0000000000000400       0xc8 Src/main.o
 .debug_aranges
                0x00000000000004c8       0x20 Src/stm32f1xx_hal_msp.o
 .debug_aranges
                0x00000000000004e8       0x78 Src/stm32f1xx_it.o
 .debug_aranges
                0x0000000000000560       0x20 Src/sysmem.o
 .debug_aranges
                0x0000000000000580       0x28 Src/system_stm32f1xx.o
 .debug_aranges
                0x00000000000005a8       0x28 Startup/startup_stm32f103rctx.o

.debug_ranges   0x0000000000000000      0x548
 .debug_ranges  0x0000000000000000       0xd0 Drivers/STM32F1xx_HAL_Driver/Src/stm32f1xx_hal.o
 .debug_ranges  0x00000000000000d0       0xf0 Drivers/STM32F1xx_HAL_Driver/Src/stm32f1xx_hal_cortex.o
 .debug_ranges  0x00000000000001c0       0x48 Drivers/STM32F1xx_HAL_Driver/Src/stm32f1xx_hal_gpio.o
 .debug_ranges  0x0000000000000208       0x80 Drivers/STM32F1xx_HAL_Driver/Src/stm32f1xx_hal_rcc.o
 .debug_ranges  0x0000000000000288       0x10 Src/gpio.o
 .debug_ranges  0x0000000000000298      0x108 Src/lcd.o
 .debug_ranges  0x00000000000003a0       0xe8 Src/main.o
 .debug_ranges  0x0000000000000488       0x10 Src/stm32f1xx_hal_msp.o
 .debug_ranges  0x0000000000000498       0x68 Src/stm32f1xx_it.o
 .debug_ranges  0x0000000000000500       0x10 Src/sysmem.o
 .debug_ranges  0x0000000000000510       0x18 Src/system_stm32f1xx.o
 .debug_ranges  0x0000000000000528       0x20 Startup/startup_stm32f103rctx.o

.debug_macro    0x0000000000000000    0x15a98
 .debug_macro   0x0000000000000000      0x19f Drivers/STM32F1xx_HAL_Driver/Src/stm32f1xx_hal.o
 .debug_macro   0x000000000000019f      0xa5a Drivers/STM32F1xx_HAL_Driver/Src/stm32f1xx_hal.o
 .debug_macro   0x0000000000000bf9      0x20f Drivers/STM32F1xx_HAL_Driver/Src/stm32f1xx_hal.o
 .debug_macro   0x0000000000000e08       0x2e Drivers/STM32F1xx_HAL_Driver/Src/stm32f1xx_hal.o
 .debug_macro   0x0000000000000e36       0x22 Drivers/STM32F1xx_HAL_Driver/Src/stm32f1xx_hal.o
 .debug_macro   0x0000000000000e58       0x22 Drivers/STM32F1xx_HAL_Driver/Src/stm32f1xx_hal.o
 .debug_macro   0x0000000000000e7a       0x8e Drivers/STM32F1xx_HAL_Driver/Src/stm32f1xx_hal.o
 .debug_macro   0x0000000000000f08       0x51 Drivers/STM32F1xx_HAL_Driver/Src/stm32f1xx_hal.o
 .debug_macro   0x0000000000000f59       0xef Drivers/STM32F1xx_HAL_Driver/Src/stm32f1xx_hal.o
 .debug_macro   0x0000000000001048       0x6a Drivers/STM32F1xx_HAL_Driver/Src/stm32f1xx_hal.o
 .debug_macro   0x00000000000010b2      0x1df Drivers/STM32F1xx_HAL_Driver/Src/stm32f1xx_hal.o
 .debug_macro   0x0000000000001291       0x1c Drivers/STM32F1xx_HAL_Driver/Src/stm32f1xx_hal.o
 .debug_macro   0x00000000000012ad       0x22 Drivers/STM32F1xx_HAL_Driver/Src/stm32f1xx_hal.o
 .debug_macro   0x00000000000012cf       0xc3 Drivers/STM32F1xx_HAL_Driver/Src/stm32f1xx_hal.o
 .debug_macro   0x0000000000001392      0xd23 Drivers/STM32F1xx_HAL_Driver/Src/stm32f1xx_hal.o
 .debug_macro   0x00000000000020b5     0xfd8c Drivers/STM32F1xx_HAL_Driver/Src/stm32f1xx_hal.o
 .debug_macro   0x0000000000011e41       0x43 Drivers/STM32F1xx_HAL_Driver/Src/stm32f1xx_hal.o
 .debug_macro   0x0000000000011e84      0x174 Drivers/STM32F1xx_HAL_Driver/Src/stm32f1xx_hal.o
 .debug_macro   0x0000000000011ff8       0x5a Drivers/STM32F1xx_HAL_Driver/Src/stm32f1xx_hal.o
 .debug_macro   0x0000000000012052      0x5be Drivers/STM32F1xx_HAL_Driver/Src/stm32f1xx_hal.o
 .debug_macro   0x0000000000012610      0x4d5 Drivers/STM32F1xx_HAL_Driver/Src/stm32f1xx_hal.o
 .debug_macro   0x0000000000012ae5      0x1cb Drivers/STM32F1xx_HAL_Driver/Src/stm32f1xx_hal.o
 .debug_macro   0x0000000000012cb0      0x114 Drivers/STM32F1xx_HAL_Driver/Src/stm32f1xx_hal.o
 .debug_macro   0x0000000000012dc4      0x1ea Drivers/STM32F1xx_HAL_Driver/Src/stm32f1xx_hal.o
 .debug_macro   0x0000000000012fae       0x27 Drivers/STM32F1xx_HAL_Driver/Src/stm32f1xx_hal.o
 .debug_macro   0x0000000000012fd5      0x144 Drivers/STM32F1xx_HAL_Driver/Src/stm32f1xx_hal.o
 .debug_macro   0x0000000000013119      0x1bc Drivers/STM32F1xx_HAL_Driver/Src/stm32f1xx_hal.o
 .debug_macro   0x00000000000132d5       0x30 Drivers/STM32F1xx_HAL_Driver/Src/stm32f1xx_hal.o
 .debug_macro   0x0000000000013305       0x3c Drivers/STM32F1xx_HAL_Driver/Src/stm32f1xx_hal.o
 .debug_macro   0x0000000000013341       0x57 Drivers/STM32F1xx_HAL_Driver/Src/stm32f1xx_hal.o
 .debug_macro   0x0000000000013398       0x88 Drivers/STM32F1xx_HAL_Driver/Src/stm32f1xx_hal.o
 .debug_macro   0x0000000000013420      0x24f Drivers/STM32F1xx_HAL_Driver/Src/stm32f1xx_hal.o
 .debug_macro   0x000000000001366f      0x141 Drivers/STM32F1xx_HAL_Driver/Src/stm32f1xx_hal.o
 .debug_macro   0x00000000000137b0       0xb5 Drivers/STM32F1xx_HAL_Driver/Src/stm32f1xx_hal.o
 .debug_macro   0x0000000000013865      0x17b Drivers/STM32F1xx_HAL_Driver/Src/stm32f1xx_hal_cortex.o
 .debug_macro   0x00000000000139e0      0x1e6 Drivers/STM32F1xx_HAL_Driver/Src/stm32f1xx_hal_gpio.o
 .debug_macro   0x0000000000013bc6      0x18d Drivers/STM32F1xx_HAL_Driver/Src/stm32f1xx_hal_rcc.o
 .debug_macro   0x0000000000013d53      0x194 Src/gpio.o
 .debug_macro   0x0000000000013ee7       0x52 Src/gpio.o
 .debug_macro   0x0000000000013f39      0x262 Src/lcd.o
 .debug_macro   0x000000000001419b       0x18 Src/lcd.o
 .debug_macro   0x00000000000141b3       0x46 Src/lcd.o
 .debug_macro   0x00000000000141f9       0x3c Src/lcd.o
 .debug_macro   0x0000000000014235       0x34 Src/lcd.o
 .debug_macro   0x0000000000014269       0x16 Src/lcd.o
 .debug_macro   0x000000000001427f       0x35 Src/lcd.o
 .debug_macro   0x00000000000142b4       0x52 Src/lcd.o
 .debug_macro   0x0000000000014306       0x1f Src/lcd.o
 .debug_macro   0x0000000000014325       0x43 Src/lcd.o
 .debug_macro   0x0000000000014368       0x20 Src/lcd.o
 .debug_macro   0x0000000000014388      0x1a3 Src/lcd.o
 .debug_macro   0x000000000001452b      0x32a Src/lcd.o
 .debug_macro   0x0000000000014855       0x16 Src/lcd.o
 .debug_macro   0x000000000001486b       0x29 Src/lcd.o
 .debug_macro   0x0000000000014894      0x1dc Src/lcd.o
 .debug_macro   0x0000000000014a70      0x35a Src/main.o
 .debug_macro   0x0000000000014dca       0x1c Src/main.o
 .debug_macro   0x0000000000014de6       0x10 Src/main.o
 .debug_macro   0x0000000000014df6       0x10 Src/main.o
 .debug_macro   0x0000000000014e06       0x1c Src/main.o
 .debug_macro   0x0000000000014e22       0x52 Src/main.o
 .debug_macro   0x0000000000014e74       0x40 Src/main.o
 .debug_macro   0x0000000000014eb4       0x10 Src/main.o
 .debug_macro   0x0000000000014ec4       0x40 Src/main.o
 .debug_macro   0x0000000000014f04       0xd7 Src/main.o
 .debug_macro   0x0000000000014fdb       0x1c Src/main.o
 .debug_macro   0x0000000000014ff7       0x3d Src/main.o
 .debug_macro   0x0000000000015034       0x16 Src/main.o
 .debug_macro   0x000000000001504a      0x145 Src/main.o
 .debug_macro   0x000000000001518f       0x16 Src/main.o
 .debug_macro   0x00000000000151a5       0x10 Src/main.o
 .debug_macro   0x00000000000151b5       0x10 Src/main.o
 .debug_macro   0x00000000000151c5       0x35 Src/main.o
 .debug_macro   0x00000000000151fa      0x18a Src/stm32f1xx_hal_msp.o
 .debug_macro   0x0000000000015384      0x194 Src/stm32f1xx_it.o
 .debug_macro   0x0000000000015518      0x1ae Src/sysmem.o
 .debug_macro   0x00000000000156c6      0x23b Src/sysmem.o
 .debug_macro   0x0000000000015901       0x16 Src/sysmem.o
 .debug_macro   0x0000000000015917      0x181 Src/system_stm32f1xx.o

.debug_line     0x0000000000000000     0x626b
 .debug_line    0x0000000000000000      0x7dd Drivers/STM32F1xx_HAL_Driver/Src/stm32f1xx_hal.o
 .debug_line    0x00000000000007dd      0x8b6 Drivers/STM32F1xx_HAL_Driver/Src/stm32f1xx_hal_cortex.o
 .debug_line    0x0000000000001093      0x805 Drivers/STM32F1xx_HAL_Driver/Src/stm32f1xx_hal_gpio.o
 .debug_line    0x0000000000001898      0x89f Drivers/STM32F1xx_HAL_Driver/Src/stm32f1xx_hal_rcc.o
 .debug_line    0x0000000000002137      0x61b Src/gpio.o
 .debug_line    0x0000000000002752     0x153d Src/lcd.o
 .debug_line    0x0000000000003c8f      0xcd7 Src/main.o
 .debug_line    0x0000000000004966      0x601 Src/stm32f1xx_hal_msp.o
 .debug_line    0x0000000000004f67      0x6d9 Src/stm32f1xx_it.o
 .debug_line    0x0000000000005640      0x57c Src/sysmem.o
 .debug_line    0x0000000000005bbc      0x630 Src/system_stm32f1xx.o
 .debug_line    0x00000000000061ec       0x7f Startup/startup_stm32f103rctx.o

.debug_str      0x0000000000000000    0x77173
 .debug_str     0x0000000000000000    0x712e0 Drivers/STM32F1xx_HAL_Driver/Src/stm32f1xx_hal.o
                                      0x7174d (size before relaxing)
 .debug_str     0x00000000000712e0      0x326 Drivers/STM32F1xx_HAL_Driver/Src/stm32f1xx_hal_cortex.o
                                      0x7175b (size before relaxing)
 .debug_str     0x0000000000071606      0x3a9 Drivers/STM32F1xx_HAL_Driver/Src/stm32f1xx_hal_gpio.o
                                      0x713a2 (size before relaxing)
 .debug_str     0x00000000000719af      0x373 Drivers/STM32F1xx_HAL_Driver/Src/stm32f1xx_hal_rcc.o
                                      0x713db (size before relaxing)
 .debug_str     0x0000000000071d22      0x164 Src/gpio.o
                                      0x71512 (size before relaxing)
 .debug_str     0x0000000000071e86     0x384e Src/lcd.o
                                      0x749eb (size before relaxing)
 .debug_str     0x00000000000756d4     0x142d Src/main.o
                                      0x75c76 (size before relaxing)
 .debug_str     0x0000000000076b01       0x1b Src/stm32f1xx_hal_msp.o
                                      0x71111 (size before relaxing)
 .debug_str     0x0000000000076b1c       0xf1 Src/stm32f1xx_it.o
                                      0x7117b (size before relaxing)
 .debug_str     0x0000000000076c0d      0x4cc Src/sysmem.o
                                       0x7ab5 (size before relaxing)
 .debug_str     0x00000000000770d9       0x69 Src/system_stm32f1xx.o
                                      0x71053 (size before relaxing)
 .debug_str     0x0000000000077142       0x31 Startup/startup_stm32f103rctx.o
                                         0x5a (size before relaxing)

.comment        0x0000000000000000       0x7b
 .comment       0x0000000000000000       0x7b Drivers/STM32F1xx_HAL_Driver/Src/stm32f1xx_hal.o
                                         0x7c (size before relaxing)
 .comment       0x000000000000007b       0x7c Drivers/STM32F1xx_HAL_Driver/Src/stm32f1xx_hal_cortex.o
 .comment       0x000000000000007b       0x7c Drivers/STM32F1xx_HAL_Driver/Src/stm32f1xx_hal_gpio.o
 .comment       0x000000000000007b       0x7c Drivers/STM32F1xx_HAL_Driver/Src/stm32f1xx_hal_rcc.o
 .comment       0x000000000000007b       0x7c Src/gpio.o
 .comment       0x000000000000007b       0x7c Src/lcd.o
 .comment       0x000000000000007b       0x7c Src/main.o
 .comment       0x000000000000007b       0x7c Src/stm32f1xx_hal_msp.o
 .comment       0x000000000000007b       0x7c Src/stm32f1xx_it.o
 .comment       0x000000000000007b       0x7c Src/sysmem.o
 .comment       0x000000000000007b       0x7c Src/system_stm32f1xx.o

.debug_frame    0x0000000000000000     0x18a0
 .debug_frame   0x0000000000000000      0x334 Drivers/STM32F1xx_HAL_Driver/Src/stm32f1xx_hal.o
 .debug_frame   0x0000000000000334      0x428 Drivers/STM32F1xx_HAL_Driver/Src/stm32f1xx_hal_cortex.o
 .debug_frame   0x000000000000075c      0x14c Drivers/STM32F1xx_HAL_Driver/Src/stm32f1xx_hal_gpio.o
 .debug_frame   0x00000000000008a8      0x21c Drivers/STM32F1xx_HAL_Driver/Src/stm32f1xx_hal_rcc.o
 .debug_frame   0x0000000000000ac4       0x34 Src/gpio.o
 .debug_frame   0x0000000000000af8      0x4d4 Src/lcd.o
 .debug_frame   0x0000000000000fcc      0x34c Src/main.o
 .debug_frame   0x0000000000001318       0x34 Src/stm32f1xx_hal_msp.o
 .debug_frame   0x000000000000134c      0x160 Src/stm32f1xx_it.o
 .debug_frame   0x00000000000014ac       0x34 Src/sysmem.o
 .debug_frame   0x00000000000014e0       0x58 Src/system_stm32f1xx.o
 .debug_frame   0x0000000000001538       0x20 f:/stm32cube/stm32cubeide_1.0.2/stm32cubeide/plugins/com.st.stm32cube.ide.mcu.externaltools.gnu-tools-for-stm32.7-2018-q2-update.win32_1.0.0.201904181610/tools/bin/../lib/gcc/arm-none-eabi/7.3.1/../../../../arm-none-eabi/lib/thumb/v7-m\libc_nano.a(lib_a-errno.o)
 .debug_frame   0x0000000000001558       0x2c f:/stm32cube/stm32cubeide_1.0.2/stm32cubeide/plugins/com.st.stm32cube.ide.mcu.externaltools.gnu-tools-for-stm32.7-2018-q2-update.win32_1.0.0.201904181610/tools/bin/../lib/gcc/arm-none-eabi/7.3.1/../../../../arm-none-eabi/lib/thumb/v7-m\libc_nano.a(lib_a-init.o)
 .debug_frame   0x0000000000001584       0x38 f:/stm32cube/stm32cubeide_1.0.2/stm32cubeide/plugins/com.st.stm32cube.ide.mcu.externaltools.gnu-tools-for-stm32.7-2018-q2-update.win32_1.0.0.201904181610/tools/bin/../lib/gcc/arm-none-eabi/7.3.1/../../../../arm-none-eabi/lib/thumb/v7-m\libc_nano.a(lib_a-itoa.o)
 .debug_frame   0x00000000000015bc       0x20 f:/stm32cube/stm32cubeide_1.0.2/stm32cubeide/plugins/com.st.stm32cube.ide.mcu.externaltools.gnu-tools-for-stm32.7-2018-q2-update.win32_1.0.0.201904181610/tools/bin/../lib/gcc/arm-none-eabi/7.3.1/../../../../arm-none-eabi/lib/thumb/v7-m\libc_nano.a(lib_a-memset.o)
 .debug_frame   0x00000000000015dc       0x48 f:/stm32cube/stm32cubeide_1.0.2/stm32cubeide/plugins/com.st.stm32cube.ide.mcu.externaltools.gnu-tools-for-stm32.7-2018-q2-update.win32_1.0.0.201904181610/tools/bin/../lib/gcc/arm-none-eabi/7.3.1/../../../../arm-none-eabi/lib/thumb/v7-m\libc_nano.a(lib_a-rand.o)
 .debug_frame   0x0000000000001624       0x48 f:/stm32cube/stm32cubeide_1.0.2/stm32cubeide/plugins/com.st.stm32cube.ide.mcu.externaltools.gnu-tools-for-stm32.7-2018-q2-update.win32_1.0.0.201904181610/tools/bin/../lib/gcc/arm-none-eabi/7.3.1/../../../../arm-none-eabi/lib/thumb/v7-m\libc_nano.a(lib_a-utoa.o)
 .debug_frame   0x000000000000166c       0x30 f:/stm32cube/stm32cubeide_1.0.2/stm32cubeide/plugins/com.st.stm32cube.ide.mcu.externaltools.gnu-tools-for-stm32.7-2018-q2-update.win32_1.0.0.201904181610/tools/bin/../lib/gcc/arm-none-eabi/7.3.1/../../../../arm-none-eabi/lib/thumb/v7-m\libc_nano.a(lib_a-malloc.o)
 .debug_frame   0x000000000000169c       0x2c f:/stm32cube/stm32cubeide_1.0.2/stm32cubeide/plugins/com.st.stm32cube.ide.mcu.externaltools.gnu-tools-for-stm32.7-2018-q2-update.win32_1.0.0.201904181610/tools/bin/../lib/gcc/arm-none-eabi/7.3.1/../../../../arm-none-eabi/lib/thumb/v7-m\libc_nano.a(lib_a-nano-mallocr.o)
 .debug_frame   0x00000000000016c8       0x2c f:/stm32cube/stm32cubeide_1.0.2/stm32cubeide/plugins/com.st.stm32cube.ide.mcu.externaltools.gnu-tools-for-stm32.7-2018-q2-update.win32_1.0.0.201904181610/tools/bin/../lib/gcc/arm-none-eabi/7.3.1/../../../../arm-none-eabi/lib/thumb/v7-m\libc_nano.a(lib_a-sbrkr.o)
 .debug_frame   0x00000000000016f4       0x30 f:/stm32cube/stm32cubeide_1.0.2/stm32cubeide/plugins/com.st.stm32cube.ide.mcu.externaltools.gnu-tools-for-stm32.7-2018-q2-update.win32_1.0.0.201904181610/tools/bin/../lib/gcc/arm-none-eabi/7.3.1/../../../../arm-none-eabi/lib/thumb/v7-m\libc_nano.a(lib_a-mlock.o)
 .debug_frame   0x0000000000001724       0x5c f:/stm32cube/stm32cubeide_1.0.2/stm32cubeide/plugins/com.st.stm32cube.ide.mcu.externaltools.gnu-tools-for-stm32.7-2018-q2-update.win32_1.0.0.201904181610/tools/bin/../lib/gcc/arm-none-eabi/7.3.1/../../../../arm-none-eabi/lib/thumb/v7-m\libc_nano.a(lib_a-reent.o)
 .debug_frame   0x0000000000001780       0xac f:/stm32cube/stm32cubeide_1.0.2/stm32cubeide/plugins/com.st.stm32cube.ide.mcu.externaltools.gnu-tools-for-stm32.7-2018-q2-update.win32_1.0.0.201904181610/tools/bin/../lib/gcc/arm-none-eabi/7.3.1/thumb/v7-m\libgcc.a(_arm_addsubdf3.o)
 .debug_frame   0x000000000000182c       0x50 f:/stm32cube/stm32cubeide_1.0.2/stm32cubeide/plugins/com.st.stm32cube.ide.mcu.externaltools.gnu-tools-for-stm32.7-2018-q2-update.win32_1.0.0.201904181610/tools/bin/../lib/gcc/arm-none-eabi/7.3.1/thumb/v7-m\libgcc.a(_arm_muldivdf3.o)
 .debug_frame   0x000000000000187c       0x24 f:/stm32cube/stm32cubeide_1.0.2/stm32cubeide/plugins/com.st.stm32cube.ide.mcu.externaltools.gnu-tools-for-stm32.7-2018-q2-update.win32_1.0.0.201904181610/tools/bin/../lib/gcc/arm-none-eabi/7.3.1/thumb/v7-m\libgcc.a(_arm_fixunsdfsi.o)
